C:\Users\hxpHerman\Documents\MCUXpressoIDE_11.5.0_7232\workspace\frdmk64f_bubble_peripheral\CMSIS/core_cm4.h:1679:22:__NVIC_EnableIRQ	16	static
C:\Users\hxpHerman\Documents\MCUXpressoIDE_11.5.0_7232\workspace\frdmk64f_bubble_peripheral\drivers/fsl_common_arm.h:499:24:EnableIRQ	24	static
../board/peripherals.c:117:6:BOARD_TIMER_init	16	static
../board/peripherals.c:157:6:BOARD_ACCEL_I2C_init	8	static
../board/peripherals.c:166:6:BOARD_InitPeripherals	8	static
../board/peripherals.c:176:6:BOARD_InitBootPeripherals	8	static
